timestamp,voltage,Channel 2,Channel 3,Channel 4,Channel 5,Channel 6,Channel 7
1785665950170,227255.000000,206903.000000,189901.000000,0.135455,0.123324,0.113190,0.123989
1785665950679,226792.000000,204761.000000,188921.000000,0.135179,0.122047,0.112606,0.123277
1785665951183,226688.000000,206019.000000,188953.000000,0.135117,0.122797,0.112625,0.123513
1785665951687,226899.000000,207276.000000,189403.000000,0.135242,0.123546,0.112893,0.123894
1785665952191,226999.000000,205749.000000,189350.000000,0.135302,0.122636,0.112861,0.123600
1785665952700,226696.000000,204977.000000,188717.000000,0.135121,0.122176,0.112484,0.123260
1785665953204,226593.000000,204162.000000,188863.000000,0.135060,0.121690,0.112571,0.123107
1785665953708,226633.000000,204011.000000,189003.000000,0.135084,0.121600,0.112655,0.123113
1785665954212,226840.000000,204240.000000,189000.000000,0.135207,0.121737,0.112653,0.123199
1785665954721,226374.000000,203542.000000,188421.000000,0.134929,0.121320,0.112308,0.122853
1785665955225,226344.000000,203364.000000,188777.000000,0.134912,0.121214,0.112520,0.122882
1785665955729,226603.000000,203637.000000,189041.000000,0.135066,0.121377,0.112677,0.123040
1785665956233,226631.000000,203831.000000,188877.000000,0.135083,0.121493,0.112579,0.123052
1785665956742,226090.000000,203137.000000,188408.000000,0.134760,0.121079,0.112300,0.122713
1785665957246,225513.000000,203220.000000,188871.000000,0.134416,0.121129,0.112576,0.122707
1785665957750,227539.000000,206610.000000,189698.000000,0.135624,0.123149,0.113069,0.123947
1785665958254,225705.000000,213552.000000,189180.000000,0.134531,0.127287,0.112760,0.124859
1785665958763,226431.000000,203020.000000,188717.000000,0.134963,0.121009,0.112484,0.122819
1785665959267,226379.000000,204459.000000,188946.000000,0.134932,0.121867,0.112621,0.123140
1785665959772,228272.000000,205411.000000,189972.000000,0.136061,0.122435,0.113232,0.123909
1785665960275,226074.000000,205022.000000,188641.000000,0.134751,0.122203,0.112439,0.123131
1785665960785,226662.000000,205097.000000,188680.000000,0.135101,0.122247,0.112462,0.123270
1785665961288,226249.000000,204415.000000,188905.000000,0.134855,0.121841,0.112596,0.123097
1785665961792,227038.000000,204354.000000,188647.000000,0.135325,0.121804,0.112442,0.123191
1785665962296,225973.000000,203631.000000,188410.000000,0.134690,0.121374,0.112301,0.122788
1785665962805,225956.000000,206363.000000,189833.000000,0.134680,0.123002,0.113149,0.123611
1785665963309,225979.000000,205202.000000,188771.000000,0.134694,0.122310,0.112516,0.123173
1785665963813,225567.000000,202850.000000,188415.000000,0.134448,0.120908,0.112304,0.122554
1785665964317,224866.000000,202525.000000,187977.000000,0.134031,0.120714,0.112043,0.122263
1785665964827,226542.000000,203037.000000,188990.000000,0.135030,0.121019,0.112647,0.122899
1785665965330,225354.000000,201365.000000,188452.000000,0.134321,0.120023,0.112326,0.122224
1785665965834,225237.000000,201368.000000,187925.000000,0.134252,0.120025,0.112012,0.122096
1785665966338,224714.000000,200831.000000,187770.000000,0.133940,0.119705,0.111920,0.121855
1785665966847,224815.000000,200868.000000,188331.000000,0.134000,0.119727,0.112254,0.121994
1785665967351,225137.000000,200837.000000,188108.000000,0.134192,0.119708,0.112121,0.122007
1785665967855,224606.000000,199998.000000,187702.000000,0.133876,0.119208,0.111879,0.121654
1785665968359,224513.000000,199958.000000,187877.000000,0.133820,0.119184,0.111983,0.121663
1785665968868,224819.000000,200341.000000,188100.000000,0.134003,0.119413,0.112116,0.121844
1785665969372,225072.000000,204425.000000,187519.000000,0.134153,0.121847,0.111770,0.122590
1785665969876,224756.000000,202053.000000,187356.000000,0.133965,0.120433,0.111673,0.122024
1785665970380,224971.000000,200987.000000,187624.000000,0.134093,0.119798,0.111833,0.121908
1785665970889,225194.000000,199505.000000,187974.000000,0.134226,0.118914,0.112041,0.121727
1785665971393,224956.000000,199104.000000,187384.000000,0.134084,0.118675,0.111690,0.121483
1785665971897,225126.000000,202147.000000,187749.000000,0.134186,0.120489,0.111907,0.122194
1785665972401,224853.000000,201437.000000,187615.000000,0.134023,0.120066,0.111827,0.121972
1785665972910,225017.000000,200368.000000,187415.000000,0.134121,0.119429,0.111708,0.121752
1785665973414,224711.000000,199821.000000,186966.000000,0.133938,0.119103,0.111440,0.121494
1785665973918,224544.000000,199485.000000,187263.000000,0.133839,0.118902,0.111617,0.121453
1785665974422,224754.000000,199060.000000,187493.000000,0.133964,0.118649,0.111755,0.121456
1785665974931,224771.000000,198105.000000,187104.000000,0.133974,0.118080,0.111523,0.121192
1785665975435,224303.000000,198528.000000,187046.000000,0.133695,0.118332,0.111488,0.121172
1785665975940,224890.000000,197438.000000,188046.000000,0.134045,0.117682,0.112084,0.121270
1785665976443,224529.000000,196741.000000,187998.000000,0.133830,0.117267,0.112056,0.121051
1785665976952,224300.000000,196554.000000,187263.000000,0.133693,0.117155,0.111617,0.120822
1785665977456,224235.000000,196809.000000,187312.000000,0.133654,0.117307,0.111647,0.120869
1785665977960,223920.000000,196531.000000,187499.000000,0.133467,0.117142,0.111758,0.120789
1785665978464,223970.000000,196461.000000,187536.000000,0.133497,0.117100,0.111780,0.120792
1785665978973,223567.000000,195483.000000,187102.000000,0.133256,0.116517,0.111521,0.120432
1785665979478,223351.000000,197228.000000,187098.000000,0.133128,0.117557,0.111519,0.120735
1785665979982,223750.000000,196902.000000,187204.000000,0.133365,0.117363,0.111582,0.120770
1785665980485,223449.000000,196807.000000,187089.000000,0.133186,0.117306,0.111514,0.120669
1785665980995,223033.000000,196318.000000,186977.000000,0.132938,0.117015,0.111447,0.120467
1785665981499,223078.000000,197491.000000,187095.000000,0.132965,0.117714,0.111517,0.120732
1785665982003,223493.000000,196316.000000,187211.000000,0.133212,0.117013,0.111586,0.120604
1785665982506,223726.000000,194817.000000,186847.000000,0.133351,0.116120,0.111369,0.120280
1785665983016,223189.000000,195605.000000,186919.000000,0.133031,0.116590,0.111412,0.120344
1785665983520,223499.000000,195894.000000,187210.000000,0.133216,0.116762,0.111586,0.120521
1785665984024,223184.000000,196721.000000,187075.000000,0.133028,0.117255,0.111505,0.120596
1785665984528,223019.000000,195697.000000,186450.000000,0.132930,0.116645,0.111133,0.120236
1785665985036,222947.000000,196044.000000,186864.000000,0.132887,0.116851,0.111380,0.120373
1785665985541,223168.000000,196522.000000,186919.000000,0.133019,0.117136,0.111412,0.120522
1785665986045,222875.000000,196274.000000,186668.000000,0.132844,0.116988,0.111263,0.120365
1785665986549,222769.000000,195398.000000,186302.000000,0.132781,0.116466,0.111045,0.120097
1785665987058,222920.000000,195870.000000,186880.000000,0.132871,0.116748,0.111389,0.120336
1785665987561,222990.000000,195707.000000,186764.000000,0.132912,0.116650,0.111320,0.120294
1785665988065,222741.000000,195032.000000,186387.000000,0.132764,0.116248,0.111095,0.120036
1785665988569,222407.000000,194820.000000,186244.000000,0.132565,0.116122,0.111010,0.119899
1785665989079,223194.000000,194595.000000,186819.000000,0.133034,0.115988,0.111353,0.120125
1785665989583,223077.000000,195704.000000,186457.000000,0.132964,0.116649,0.111137,0.120250
1785665990087,223055.000000,194966.000000,186073.000000,0.132951,0.116209,0.110908,0.120023
1785665990591,222471.000000,194377.000000,186350.000000,0.132603,0.115858,0.111073,0.119845
1785665991100,224508.000000,194318.000000,186615.000000,0.133817,0.115823,0.111231,0.120290
1785665991603,223944.000000,194378.000000,186275.000000,0.133481,0.115858,0.111029,0.120123
1785665992107,223721.000000,193621.000000,186213.000000,0.133348,0.115407,0.110992,0.119916
1785665992611,223652.000000,193200.000000,186541.000000,0.133307,0.115156,0.111187,0.119883
1785665993121,223778.000000,193676.000000,186522.000000,0.133382,0.115440,0.111176,0.119999
1785665993625,223530.000000,193485.000000,185977.000000,0.133234,0.115326,0.110851,0.119804
1785665994129,222711.000000,204410.000000,186346.000000,0.132746,0.121838,0.111071,0.121885
1785665994633,223438.000000,195037.000000,186677.000000,0.133179,0.116251,0.111268,0.120233
1785665995142,223383.000000,194984.000000,186195.000000,0.133147,0.116220,0.110981,0.120116
1785665995646,222747.000000,195668.000000,186064.000000,0.132768,0.116627,0.110903,0.120099
1785665996150,222807.000000,194117.000000,186300.000000,0.132803,0.115703,0.111043,0.119850
1785665996654,223411.000000,194107.000000,186677.000000,0.133163,0.115697,0.111268,0.120043
1785665997163,222960.000000,194641.000000,185903.000000,0.132895,0.116015,0.110807,0.119905
1785665997667,222530.000000,193668.000000,186039.000000,0.132638,0.115435,0.110888,0.119654
1785665998171,222750.000000,193970.000000,186381.000000,0.132769,0.115615,0.111092,0.119825
1785665998675,222990.000000,194216.000000,186373.000000,0.132912,0.115762,0.111087,0.119920
1785665999184,222414.000000,194129.000000,185685.000000,0.132569,0.115710,0.110677,0.119652
1785665999688,222176.000000,194517.000000,186025.000000,0.132427,0.115941,0.110880,0.119749
1785666000192,222504.000000,194612.000000,186292.000000,0.132623,0.115998,0.111039,0.119886
1785666000696,222663.000000,194527.000000,186204.000000,0.132718,0.115947,0.110986,0.119884
1785666001205,222452.000000,193765.000000,185737.000000,0.132592,0.115493,0.110708,0.119598
1785666001709,222603.000000,193832.000000,186120.000000,0.132682,0.115533,0.110936,0.119717
1785666002213,222502.000000,194213.000000,186219.000000,0.132622,0.115760,0.110995,0.119792
1785666002717,222694.000000,193875.000000,186017.000000,0.132736,0.115559,0.110875,0.119723
1785666003226,222281.000000,193393.000000,185830.000000,0.132490,0.115271,0.110763,0.119508
1785666003730,222565.000000,193771.000000,186118.000000,0.132659,0.115497,0.110935,0.119697
1785666004234,222653.000000,193717.000000,186195.000000,0.132712,0.115464,0.110981,0.119719
1785666004738,222683.000000,193429.000000,185864.000000,0.132729,0.115293,0.110784,0.119602
1785666005247,222241.000000,193606.000000,185874.000000,0.132466,0.115398,0.110790,0.119551
1785666005751,222467.000000,193744.000000,186154.000000,0.132601,0.115480,0.110956,0.119679
1785666006255,222671.000000,193631.000000,186094.000000,0.132722,0.115413,0.110921,0.119685
1785666006759,222553.000000,193158.000000,185714.000000,0.132652,0.115131,0.110694,0.119492
1785666007268,222318.000000,193092.000000,185971.000000,0.132512,0.115092,0.110847,0.119484
1785666007772,222237.000000,193413.000000,186160.000000,0.132464,0.115283,0.110960,0.119569
1785666008276,222331.000000,193339.000000,186018.000000,0.132520,0.115239,0.110875,0.119545
1785666008780,222250.000000,192849.000000,185649.000000,0.132471,0.114947,0.110655,0.119358
1785666009289,222146.000000,193149.000000,186008.000000,0.132409,0.115126,0.110869,0.119468
1785666009793,222278.000000,193377.000000,186127.000000,0.132488,0.115262,0.110940,0.119563
1785666010297,222279.000000,193109.000000,185905.000000,0.132489,0.115102,0.110808,0.119466
1785666010801,222140.000000,192885.000000,185545.000000,0.132406,0.114968,0.110593,0.119323
1785666011310,221999.000000,193181.000000,185974.000000,0.132322,0.115145,0.110849,0.119439
1785666011814,222117.000000,192787.000000,186021.000000,0.132392,0.114910,0.110877,0.119393
1785666012318,222381.000000,192720.000000,185810.000000,0.132549,0.114870,0.110751,0.119390
1785666012821,222089.000000,192662.000000,185356.000000,0.132375,0.114836,0.110481,0.119231
1785666013331,222595.000000,192464.000000,186155.000000,0.132677,0.114717,0.110957,0.119451
1785666013835,222130.000000,194218.000000,186118.000000,0.132400,0.115763,0.110935,0.119699
1785666014339,222304.000000,192622.000000,185760.000000,0.132504,0.114812,0.110722,0.119346
1785666014843,221739.000000,192338.000000,185376.000000,0.132167,0.114642,0.110493,0.119101
1785666015352,222039.000000,192748.000000,186082.000000,0.132346,0.114887,0.110914,0.119382
1785666015856,221972.000000,192989.000000,185911.000000,0.132306,0.115030,0.110812,0.119383
1785666016359,222307.000000,192599.000000,185621.000000,0.132505,0.114798,0.110639,0.119314
1785666016864,222509.000000,193271.000000,185445.000000,0.132626,0.115199,0.110534,0.119453
