timestamp,voltage,Channel 2,Channel 3,Channel 4,Channel 5,Channel 6,Channel 7
1785666656513,172476.000000,129531.000000,128625.000000,0.102804,0.077206,0.076666,0.085559
1785666657017,173316.000000,129548.000000,128989.000000,0.103304,0.077217,0.076883,0.085801
1785666657521,172623.000000,129102.000000,128262.000000,0.102891,0.076951,0.076450,0.085431
1785666658030,172651.000000,128970.000000,128288.000000,0.102908,0.076872,0.076466,0.085415
1785666658534,172849.000000,129495.000000,128874.000000,0.103026,0.077185,0.076815,0.085675
1785666659038,172727.000000,129456.000000,128111.000000,0.102953,0.077162,0.076360,0.085492
1785666659542,172548.000000,128642.000000,128243.000000,0.102847,0.076677,0.076439,0.085321
1785666660051,173012.000000,129225.000000,128613.000000,0.103123,0.077024,0.076659,0.085602
1785666660555,172718.000000,129225.000000,128116.000000,0.102948,0.077024,0.076363,0.085445
1785666661059,172738.000000,128674.000000,128506.000000,0.102960,0.076696,0.076596,0.085417
1785666661563,172461.000000,128717.000000,128288.000000,0.102795,0.076721,0.076466,0.085327
1785666662072,172774.000000,128767.000000,128586.000000,0.102981,0.076751,0.076643,0.085459
1785666662576,174513.000000,127908.000000,129639.000000,0.104018,0.076239,0.077271,0.085843
1785666663080,171845.000000,129310.000000,128863.000000,0.102428,0.077075,0.076808,0.085437
1785666663584,172591.000000,129312.000000,128262.000000,0.102872,0.077076,0.076450,0.085466
1785666664092,172397.000000,128679.000000,127786.000000,0.102757,0.076699,0.076166,0.085207
1785666664597,172282.000000,128541.000000,127838.000000,0.102688,0.076616,0.076197,0.085167
1785666665100,172387.000000,128758.000000,128022.000000,0.102751,0.076746,0.076307,0.085268
1785666665605,172562.000000,128716.000000,127904.000000,0.102855,0.076721,0.076237,0.085271
1785666666114,172180.000000,128334.000000,127618.000000,0.102627,0.076493,0.076066,0.085062
1785666666618,172424.000000,128517.000000,127809.000000,0.102773,0.076602,0.076180,0.085185
1785666667122,172518.000000,128634.000000,127916.000000,0.102829,0.076672,0.076244,0.085248
1785666667626,172427.000000,128455.000000,127588.000000,0.102775,0.076565,0.076048,0.085129
1785666668135,172279.000000,128425.000000,127809.000000,0.102686,0.076547,0.076180,0.085138
1785666668638,172446.000000,128645.000000,127846.000000,0.102786,0.076678,0.076202,0.085222
1785666669142,172465.000000,128367.000000,127662.000000,0.102797,0.076513,0.076092,0.085134
1785666669646,172183.000000,128073.000000,127422.000000,0.102629,0.076337,0.075949,0.084972
1785666670155,172428.000000,128584.000000,127805.000000,0.102775,0.076642,0.076178,0.085198
1785666670659,172367.000000,128434.000000,127661.000000,0.102739,0.076553,0.076092,0.085128
1785666671163,172064.000000,128178.000000,127382.000000,0.102558,0.076400,0.075926,0.084961
1785666671667,172029.000000,128256.000000,127518.000000,0.102537,0.076447,0.076007,0.084997
1785666672176,172306.000000,128461.000000,127656.000000,0.102702,0.076569,0.076089,0.085120
1785666672680,172079.000000,128173.000000,127287.000000,0.102567,0.076397,0.075869,0.084944
1785666673184,171964.000000,128213.000000,127422.000000,0.102499,0.076421,0.075949,0.084956
1785666673688,172189.000000,128494.000000,127658.000000,0.102633,0.076588,0.076090,0.085104
1785666674197,172136.000000,128160.000000,127405.000000,0.102601,0.076389,0.075939,0.084977
1785666674701,171939.000000,128093.000000,127383.000000,0.102484,0.076349,0.075926,0.084920
1785666675205,172079.000000,128369.000000,127616.000000,0.102567,0.076514,0.076065,0.085049
1785666675709,172234.000000,128445.000000,127634.000000,0.102659,0.076559,0.076076,0.085098
1785666676218,171868.000000,128024.000000,127283.000000,0.102441,0.076308,0.075867,0.084872
1785666676722,172079.000000,128269.000000,127495.000000,0.102567,0.076454,0.075993,0.085005
1785666677226,172243.000000,128492.000000,127561.000000,0.102665,0.076587,0.076032,0.085095
1785666677730,171599.000000,128305.000000,127396.000000,0.102281,0.076476,0.075934,0.084897
1785666678239,171947.000000,128159.000000,127324.000000,0.102488,0.076389,0.075891,0.084923
1785666678743,172147.000000,128454.000000,127494.000000,0.102608,0.076565,0.075992,0.085055
1785666679247,171975.000000,128365.000000,127423.000000,0.102505,0.076512,0.075950,0.084989
1785666679751,171871.000000,128070.000000,127113.000000,0.102443,0.076336,0.075765,0.084848
1785666680260,172058.000000,128389.000000,127499.000000,0.102555,0.076526,0.075995,0.085025
1785666680764,172112.000000,128325.000000,127479.000000,0.102587,0.076488,0.075983,0.085019
1785666681268,171934.000000,127968.000000,127126.000000,0.102481,0.076275,0.075773,0.084843
1785666681772,171774.000000,127954.000000,127190.000000,0.102385,0.076267,0.075811,0.084821
1785666682281,171945.000000,128364.000000,127455.000000,0.102487,0.076511,0.075969,0.084989
1785666682785,171517.000000,128335.000000,128193.000000,0.102232,0.076494,0.076409,0.085045
1785666683289,171854.000000,128020.000000,127503.000000,0.102433,0.076306,0.075998,0.084912
1785666683793,171969.000000,128228.000000,127673.000000,0.102502,0.076430,0.076099,0.085010
1785666684302,172060.000000,128227.000000,127548.000000,0.102556,0.076429,0.076025,0.085003
1785666684806,171788.000000,127990.000000,127377.000000,0.102394,0.076288,0.075923,0.084868
1785666685310,171662.000000,128243.000000,127606.000000,0.102319,0.076439,0.076059,0.084939
1785666685814,171675.000000,128358.000000,127734.000000,0.102326,0.076507,0.076135,0.084990
1785666686323,171424.000000,127940.000000,127378.000000,0.102177,0.076258,0.075923,0.084786
1785666686827,172190.000000,127421.000000,129026.000000,0.102633,0.075949,0.076905,0.085163
1785666687331,171305.000000,128849.000000,127872.000000,0.102106,0.076800,0.076218,0.085041
1785666687835,172969.000000,128608.000000,127982.000000,0.103098,0.076656,0.076283,0.085346
1785666688344,171921.000000,128182.000000,127853.000000,0.102473,0.076402,0.076206,0.085027
1785666688848,172101.000000,128453.000000,127437.000000,0.102580,0.076564,0.075958,0.085034
1785666689352,172195.000000,128399.000000,127352.000000,0.102636,0.076532,0.075908,0.085025
1785666689856,171875.000000,128098.000000,127017.000000,0.102445,0.076352,0.075708,0.084835
1785666690365,172074.000000,128386.000000,127292.000000,0.102564,0.076524,0.075872,0.084987
1785666690869,171809.000000,128400.000000,127274.000000,0.102406,0.076532,0.075861,0.084933
1785666691373,172060.000000,128158.000000,126967.000000,0.102556,0.076388,0.075678,0.084874
1785666691877,171248.000000,127998.000000,126930.000000,0.102072,0.076293,0.075656,0.084674
1785666692385,171572.000000,128362.000000,127109.000000,0.102265,0.076510,0.075763,0.084846
1785666692890,171460.000000,128185.000000,126895.000000,0.102198,0.076404,0.075635,0.084746
1785666693393,171567.000000,127957.000000,126800.000000,0.102262,0.076268,0.075579,0.084703
1785666693898,171372.000000,128225.000000,127042.000000,0.102146,0.076428,0.075723,0.084766
1785666694407,171900.000000,128174.000000,126908.000000,0.102460,0.076398,0.075643,0.084834
1785666694911,171399.000000,127975.000000,126814.000000,0.102162,0.076279,0.075587,0.084676
1785666695415,171306.000000,128227.000000,126967.000000,0.102106,0.076429,0.075678,0.084738
1785666695919,171558.000000,128351.000000,127091.000000,0.102257,0.076503,0.075752,0.084837
1785666696428,171360.000000,127894.000000,126705.000000,0.102139,0.076231,0.075522,0.084630
1785666696932,171868.000000,127996.000000,126914.000000,0.102441,0.076292,0.075647,0.084793
1785666697436,171736.000000,128508.000000,126997.000000,0.102363,0.076597,0.075696,0.084885
1785666697939,172209.000000,127937.000000,126887.000000,0.102645,0.076256,0.075631,0.084844
1785666698449,171665.000000,128311.000000,128283.000000,0.102320,0.076479,0.076463,0.085087
1785666698952,172343.000000,128281.000000,127270.000000,0.102724,0.076461,0.075859,0.085015
1785666699456,175362.000000,129173.000000,131365.000000,0.104524,0.076993,0.078300,0.086606
1785666699960,171961.000000,128273.000000,128020.000000,0.102497,0.076457,0.076306,0.085086
1785666700469,171524.000000,128386.000000,127535.000000,0.102236,0.076524,0.076017,0.084926
1785666700973,172111.000000,128193.000000,127181.000000,0.102586,0.076409,0.075806,0.084934
1785666701477,171542.000000,127949.000000,126926.000000,0.102247,0.076264,0.075654,0.084721
1785666701981,171282.000000,128000.000000,127090.000000,0.102092,0.076294,0.075752,0.084713
1785666702490,171905.000000,128216.000000,127055.000000,0.102463,0.076423,0.075731,0.084872
1785666702994,171787.000000,127865.000000,126767.000000,0.102393,0.076213,0.075559,0.084722
1785666703498,170919.000000,127883.000000,126797.000000,0.101876,0.076224,0.075577,0.084559
1785666704002,170961.000000,128167.000000,126945.000000,0.101901,0.076393,0.075665,0.084653
1785666704511,171147.000000,127811.000000,126668.000000,0.102012,0.076181,0.075500,0.084564
1785666705015,170967.000000,127791.000000,126711.000000,0.101904,0.076169,0.075526,0.084533
1785666705519,171196.000000,128147.000000,126882.000000,0.102041,0.076382,0.075628,0.084683
1785666706023,171319.000000,128147.000000,126892.000000,0.102114,0.076382,0.075634,0.084710
1785666706532,171542.000000,127856.000000,126913.000000,0.102247,0.076208,0.075646,0.084700
1785666707036,171279.000000,128055.000000,126997.000000,0.102090,0.076327,0.075696,0.084704
1785666707540,171139.000000,128147.000000,126845.000000,0.102007,0.076382,0.075606,0.084665
1785666708044,170985.000000,127866.000000,126584.000000,0.101915,0.076214,0.075450,0.084526
1785666708553,170817.000000,127963.000000,126820.000000,0.101815,0.076272,0.075591,0.084559
1785666709057,170906.000000,128070.000000,126820.000000,0.101868,0.076336,0.075591,0.084598
1785666709561,170801.000000,127925.000000,126549.000000,0.101805,0.076249,0.075429,0.084495
1785666710065,170536.000000,127597.000000,126448.000000,0.101647,0.076054,0.075369,0.084357
1785666710574,170856.000000,128041.000000,126799.000000,0.101838,0.076318,0.075578,0.084578
1785666711078,170808.000000,127791.000000,126533.000000,0.101810,0.076169,0.075420,0.084466
1785666711582,170573.000000,127506.000000,126407.000000,0.101669,0.076000,0.075344,0.084338
1785666712086,170636.000000,127734.000000,126604.000000,0.101707,0.076135,0.075462,0.084435
1785666712595,170811.000000,127738.000000,126612.000000,0.101811,0.076138,0.075467,0.084472
1785666713099,170582.000000,127438.000000,126369.000000,0.101675,0.075959,0.075322,0.084319
1785666713603,170534.000000,127653.000000,126521.000000,0.101646,0.076087,0.075412,0.084382
1785666714107,170707.000000,127881.000000,126708.000000,0.101749,0.076223,0.075524,0.084499
1785666714616,170564.000000,127484.000000,126282.000000,0.101664,0.075986,0.075270,0.084307
1785666715120,170536.000000,127551.000000,126462.000000,0.101647,0.076026,0.075377,0.084350
1785666715624,171010.000000,127797.000000,126753.000000,0.101930,0.076173,0.075551,0.084551
1785666716128,171007.000000,127825.000000,126622.000000,0.101928,0.076190,0.075473,0.084530
1785666716637,170589.000000,127534.000000,126338.000000,0.101679,0.076016,0.075303,0.084333
1785666717141,172776.000000,128907.000000,128541.000000,0.102983,0.076835,0.076616,0.085478
1785666717645,171345.000000,127892.000000,127182.000000,0.102130,0.076230,0.075806,0.084722
1785666718149,170882.000000,127583.000000,126726.000000,0.101854,0.076045,0.075535,0.084478
1785666718658,170776.000000,127749.000000,126931.000000,0.101790,0.076144,0.075657,0.084531
1785666719162,170861.000000,127833.000000,126817.000000,0.101841,0.076194,0.075589,0.084541
1785666719666,170945.000000,127580.000000,126695.000000,0.101891,0.076044,0.075516,0.084484
1785666720170,170940.000000,127341.000000,126586.000000,0.101888,0.075901,0.075451,0.084413
1785666720679,170935.000000,127789.000000,126926.000000,0.101885,0.076168,0.075654,0.084569
1785666721183,170971.000000,127646.000000,126662.000000,0.101907,0.076083,0.075496,0.084495
1785666721687,171702.000000,127615.000000,127999.000000,0.102342,0.076064,0.076293,0.084900
