timestamp,voltage,Channel 2,Channel 3,Channel 4,Channel 5,Channel 6,Channel 7
1785667316863,131755.000000,108282.000000,107615.000000,0.078532,0.064541,0.064144,0.069072
1785667317368,131913.000000,108501.000000,107750.000000,0.078626,0.064672,0.064224,0.069174
1785667317872,131930.000000,108395.000000,107680.000000,0.078636,0.064608,0.064182,0.069142
1785667318376,132054.000000,108366.000000,107531.000000,0.078710,0.064591,0.064093,0.069132
1785667318885,131590.000000,108353.000000,107569.000000,0.078434,0.064583,0.064116,0.069044
1785667319389,132630.000000,108017.000000,108405.000000,0.079054,0.064383,0.064614,0.069350
1785667319893,132102.000000,108720.000000,107821.000000,0.078739,0.064802,0.064266,0.069269
1785667320397,131907.000000,108051.000000,107507.000000,0.078623,0.064403,0.064079,0.069035
1785667320906,131792.000000,108245.000000,107619.000000,0.078554,0.064519,0.064146,0.069073
1785667321410,132060.000000,108646.000000,107667.000000,0.078714,0.064758,0.064175,0.069216
1785667321914,131995.000000,108410.000000,107617.000000,0.078675,0.064617,0.064145,0.069146
1785667322418,131783.000000,108242.000000,107358.000000,0.078549,0.064517,0.063990,0.069019
1785667322927,131752.000000,108287.000000,107582.000000,0.078530,0.064544,0.064124,0.069066
1785667323431,131745.000000,108394.000000,107691.000000,0.078526,0.064608,0.064189,0.069108
1785667323935,131939.000000,108448.000000,107728.000000,0.078642,0.064640,0.064211,0.069164
1785667324439,131886.000000,108204.000000,107350.000000,0.078610,0.064495,0.063986,0.069030
1785667324948,132049.000000,108216.000000,107589.000000,0.078707,0.064502,0.064128,0.069112
1785667325452,132193.000000,108288.000000,107705.000000,0.078793,0.064545,0.064197,0.069178
1785667325956,131661.000000,108226.000000,107724.000000,0.078476,0.064508,0.064209,0.069064
1785667326460,131566.000000,108016.000000,107447.000000,0.078419,0.064383,0.064043,0.068948
1785667326969,131538.000000,108171.000000,107667.000000,0.078403,0.064475,0.064175,0.069017
1785667327473,131673.000000,108311.000000,107688.000000,0.078483,0.064558,0.064187,0.069076
1785667327977,131464.000000,108292.000000,107539.000000,0.078359,0.064547,0.064098,0.069001
1785667328481,131414.000000,108042.000000,107330.000000,0.078329,0.064398,0.063974,0.068900
1785667328990,131421.000000,108298.000000,107606.000000,0.078333,0.064551,0.064138,0.069007
1785667329493,131647.000000,108298.000000,107665.000000,0.078468,0.064551,0.064173,0.069064
1785667329998,131543.000000,108156.000000,107474.000000,0.078406,0.064466,0.064060,0.068977
1785667330501,131403.000000,107840.000000,107273.000000,0.078322,0.064278,0.063940,0.068847
1785667331011,131582.000000,107929.000000,107684.000000,0.078429,0.064331,0.064185,0.068981
1785667331515,131653.000000,108284.000000,107544.000000,0.078471,0.064542,0.064101,0.069038
1785667332019,131446.000000,108105.000000,107357.000000,0.078348,0.064436,0.063990,0.068924
1785667332523,131314.000000,107781.000000,107220.000000,0.078269,0.064242,0.063908,0.068807
1785667333032,131599.000000,108086.000000,107629.000000,0.078439,0.064424,0.064152,0.069005
1785667333536,131561.000000,108136.000000,107512.000000,0.078416,0.064454,0.064082,0.068984
1785667334040,131397.000000,107959.000000,107284.000000,0.078319,0.064349,0.063946,0.068871
1785667334544,131239.000000,107768.000000,107236.000000,0.078225,0.064235,0.063918,0.068792
1785667335053,131380.000000,108189.000000,107550.000000,0.078309,0.064486,0.064105,0.068966
1785667335557,131400.000000,108058.000000,107437.000000,0.078321,0.064408,0.064037,0.068922
1785667336061,131252.000000,107788.000000,107224.000000,0.078232,0.064247,0.063910,0.068796
1785667336565,131211.000000,107682.000000,107243.000000,0.078208,0.064183,0.063922,0.068771
1785667337074,131448.000000,108039.000000,107528.000000,0.078349,0.064396,0.064092,0.068946
1785667337578,131416.000000,107921.000000,107385.000000,0.078330,0.064326,0.064006,0.068887
1785667338082,131279.000000,107682.000000,107141.000000,0.078248,0.064183,0.063861,0.068764
1785667338586,131158.000000,107718.000000,107239.000000,0.078176,0.064205,0.063919,0.068767
1785667339095,131445.000000,108011.000000,107470.000000,0.078347,0.064380,0.064057,0.068928
1785667339599,131392.000000,107858.000000,107294.000000,0.078316,0.064288,0.063952,0.068852
1785667340103,131152.000000,107677.000000,107134.000000,0.078173,0.064181,0.063857,0.068737
1785667340607,131165.000000,107755.000000,107253.000000,0.078180,0.064227,0.063928,0.068778
1785667341116,131363.000000,108012.000000,107446.000000,0.078298,0.064380,0.064043,0.068907
1785667341620,131337.000000,107775.000000,107181.000000,0.078283,0.064239,0.063885,0.068802
1785667342124,131124.000000,107620.000000,107081.000000,0.078156,0.064147,0.063825,0.068709
1785667342628,131170.000000,107765.000000,107290.000000,0.078183,0.064233,0.063950,0.068789
1785667343137,131373.000000,107913.000000,107383.000000,0.078304,0.064321,0.064005,0.068877
1785667343641,131267.000000,107613.000000,107146.000000,0.078241,0.064142,0.063864,0.068749
1785667344145,131103.000000,107525.000000,107091.000000,0.078143,0.064090,0.063831,0.068688
1785667344649,131149.000000,107798.000000,107343.000000,0.078171,0.064253,0.063981,0.068802
1785667345158,131309.000000,107793.000000,107300.000000,0.078266,0.064250,0.063956,0.068824
1785667345662,131179.000000,107482.000000,107077.000000,0.078189,0.064064,0.063823,0.068692
1785667346166,131080.000000,107422.000000,107138.000000,0.078130,0.064029,0.063859,0.068673
1785667346670,131176.000000,107492.000000,107372.000000,0.078187,0.064070,0.063999,0.068752
1785667347179,131247.000000,107556.000000,107261.000000,0.078229,0.064108,0.063933,0.068757
1785667347683,131125.000000,107408.000000,107047.000000,0.078157,0.064020,0.063805,0.068661
1785667348187,131005.000000,107410.000000,107165.000000,0.078085,0.064021,0.063875,0.068661
1785667348691,131174.000000,107576.000000,107358.000000,0.078186,0.064120,0.063990,0.068765
1785667349200,131192.000000,107432.000000,107161.000000,0.078197,0.064034,0.063873,0.068701
1785667349704,130949.000000,107283.000000,107019.000000,0.078052,0.063946,0.063788,0.068595
1785667350208,130847.000000,107440.000000,107210.000000,0.077991,0.064039,0.063902,0.068644
1785667350712,131045.000000,107584.000000,107399.000000,0.078109,0.064125,0.064015,0.068750
1785667351221,131028.000000,107365.000000,107128.000000,0.078099,0.063995,0.063853,0.068649
1785667351725,130872.000000,107261.000000,107053.000000,0.078006,0.063933,0.063809,0.068582
1785667352229,130934.000000,107359.000000,107243.000000,0.078043,0.063991,0.063922,0.068652
1785667352733,131075.000000,107545.000000,107376.000000,0.078127,0.064102,0.064001,0.068743
1785667353242,130880.000000,107255.000000,107023.000000,0.078011,0.063929,0.063791,0.068577
1785667353746,130712.000000,107236.000000,107063.000000,0.077910,0.063918,0.063815,0.068548
1785667354250,130927.000000,107451.000000,107300.000000,0.078039,0.064046,0.063956,0.068680
1785667354754,130985.000000,107589.000000,107359.000000,0.078073,0.064128,0.063991,0.068731
1785667355263,130822.000000,107210.000000,107002.000000,0.077976,0.063902,0.063778,0.068552
1785667355767,130746.000000,107312.000000,107120.000000,0.077931,0.063963,0.063849,0.068581
1785667356271,130879.000000,107517.000000,107316.000000,0.078010,0.064085,0.063965,0.068687
1785667356775,131094.000000,107562.000000,107321.000000,0.078138,0.064112,0.063968,0.068739
1785667357284,130703.000000,107187.000000,107004.000000,0.077905,0.063888,0.063779,0.068524
1785667357788,130738.000000,107299.000000,107170.000000,0.077926,0.063955,0.063878,0.068586
1785667358292,130912.000000,107490.000000,107300.000000,0.078030,0.064069,0.063956,0.068685
1785667358796,131026.000000,107494.000000,107288.000000,0.078098,0.064071,0.063949,0.068706
1785667359305,130677.000000,107175.000000,107005.000000,0.077890,0.063881,0.063780,0.068517
1785667359809,130808.000000,107340.000000,107206.000000,0.077968,0.063980,0.063900,0.068616
1785667360313,130908.000000,107490.000000,107307.000000,0.078027,0.064069,0.063960,0.068685
1785667360817,130923.000000,107423.000000,107223.000000,0.078036,0.064029,0.063910,0.068658
1785667361326,130485.000000,107212.000000,107054.000000,0.077775,0.063903,0.063809,0.068496
1785667361830,130665.000000,107386.000000,107285.000000,0.077882,0.064007,0.063947,0.068612
1785667362334,130851.000000,107467.000000,107294.000000,0.077993,0.064055,0.063952,0.068667
1785667362838,130802.000000,107313.000000,107150.000000,0.077964,0.063964,0.063866,0.068598
1785667363347,130481.000000,107297.000000,107124.000000,0.077773,0.063954,0.063851,0.068526
1785667363851,130464.000000,107513.000000,107305.000000,0.077763,0.064083,0.063959,0.068601
1785667364355,130854.000000,107491.000000,107251.000000,0.077995,0.064070,0.063927,0.068664
1785667364858,130762.000000,107289.000000,107011.000000,0.077940,0.063949,0.063784,0.068558
1785667365368,130656.000000,107319.000000,107173.000000,0.077877,0.063967,0.063880,0.068575
1785667365872,131171.000000,107486.000000,107355.000000,0.078184,0.064067,0.063989,0.068746
1785667366376,131034.000000,107309.000000,107171.000000,0.078102,0.063961,0.063879,0.068647
1785667366879,130887.000000,107161.000000,106945.000000,0.078015,0.063873,0.063744,0.068544
1785667367388,130938.000000,107278.000000,107226.000000,0.078045,0.063943,0.063912,0.068633
1785667367893,130880.000000,107482.000000,107252.000000,0.078011,0.064064,0.063927,0.068667
1785667368396,130927.000000,107365.000000,107046.000000,0.078039,0.063995,0.063804,0.068613
1785667368901,130679.000000,107162.000000,106890.000000,0.077891,0.063874,0.063711,0.068492
1785667369409,130869.000000,107455.000000,107248.000000,0.078004,0.064048,0.063925,0.068659
1785667369914,130983.000000,107430.000000,107181.000000,0.078072,0.064033,0.063885,0.068663
1785667370417,130706.000000,107218.000000,106950.000000,0.077907,0.063907,0.063747,0.068520
1785667370921,130572.000000,107077.000000,106900.000000,0.077827,0.063823,0.063717,0.068456
1785667371430,130665.000000,107522.000000,107253.000000,0.077882,0.064088,0.063928,0.068633
1785667371934,130939.000000,107282.000000,107165.000000,0.078046,0.063945,0.063875,0.068622
1785667372438,130771.000000,107019.000000,106923.000000,0.077946,0.063788,0.063731,0.068488
1785667372942,130830.000000,107022.000000,107001.000000,0.077981,0.063790,0.063778,0.068516
1785667373451,130885.000000,107338.000000,107259.000000,0.078014,0.063978,0.063931,0.068641
1785667373955,130834.000000,107150.000000,107060.000000,0.077983,0.063866,0.063813,0.068554
1785667374459,130583.000000,107039.000000,106883.000000,0.077834,0.063800,0.063707,0.068447
1785667374963,129900.000000,107204.000000,107057.000000,0.077426,0.063899,0.063811,0.068379
1785667375472,130177.000000,107395.000000,107149.000000,0.077592,0.064012,0.063866,0.068490
1785667375976,130059.000000,107132.000000,106930.000000,0.077521,0.063856,0.063735,0.068371
1785667376480,130232.000000,107017.000000,106881.000000,0.077624,0.063787,0.063706,0.068372
1785667376984,130414.000000,107190.000000,107105.000000,0.077733,0.063890,0.063840,0.068488
1785667377493,130315.000000,107261.000000,107059.000000,0.077674,0.063933,0.063812,0.068473
1785667377997,129977.000000,107029.000000,106831.000000,0.077472,0.063794,0.063676,0.068314
1785667378501,129852.000000,107093.000000,106949.000000,0.077398,0.063832,0.063747,0.068326
1785667379005,130226.000000,107317.000000,107127.000000,0.077621,0.063966,0.063853,0.068480
1785667379514,130368.000000,107133.000000,106917.000000,0.077705,0.063856,0.063728,0.068430
1785667380018,130015.000000,106981.000000,106852.000000,0.077495,0.063766,0.063689,0.068316
1785667380522,129846.000000,107195.000000,107015.000000,0.077394,0.063893,0.063786,0.068358
1785667381026,130885.000000,107400.000000,107245.000000,0.078014,0.064015,0.063923,0.068651
1785667381535,130374.000000,107056.000000,106834.000000,0.077709,0.063810,0.063678,0.068399
1785667382039,130260.000000,107075.000000,106925.000000,0.077641,0.063822,0.063732,0.068398
1785667382543,130147.000000,107336.000000,107136.000000,0.077574,0.063977,0.063858,0.068470
1785667383048,130878.000000,107474.000000,107182.000000,0.078009,0.064060,0.063885,0.068651
1785667383556,130553.000000,106982.000000,106837.000000,0.077816,0.063766,0.063680,0.068421
1785667384060,131175.000000,107006.000000,107063.000000,0.078186,0.063781,0.063815,0.068594
1785667384564,130623.000000,107526.000000,107143.000000,0.077857,0.064090,0.063862,0.068603
1785667385068,130795.000000,109550.000000,106637.000000,0.077960,0.065297,0.063561,0.068939
1785667385577,130111.000000,107413.000000,107134.000000,0.077552,0.064023,0.063857,0.068477
1785667386081,130383.000000,107441.000000,107340.000000,0.077714,0.064040,0.063980,0.068578
1785667386585,130653.000000,107657.000000,107383.000000,0.077875,0.064169,0.064005,0.068683
