timestamp,voltage,Channel 2,Channel 3,Channel 4,Channel 5,Channel 6,Channel 7
1785667545235,113584.000000,104397.000000,95759.000000,0.067701,0.062225,0.057077,0.062335
1785667545739,113613.000000,104347.000000,94392.000000,0.067719,0.062196,0.056262,0.062059
1785667546243,113568.000000,104242.000000,94298.000000,0.067692,0.062133,0.056206,0.062010
1785667546747,113994.000000,104127.000000,94278.000000,0.067946,0.062065,0.056194,0.062068
1785667547256,113968.000000,104341.000000,94322.000000,0.067930,0.062192,0.056220,0.062114
1785667547760,113519.000000,104375.000000,94332.000000,0.067663,0.062212,0.056226,0.062034
1785667548264,113401.000000,104066.000000,93834.000000,0.067592,0.062028,0.055929,0.061850
1785667548768,113442.000000,104226.000000,94083.000000,0.067617,0.062124,0.056078,0.061939
1785667549277,113896.000000,104291.000000,94714.000000,0.067887,0.062162,0.056454,0.062168
1785667549782,113177.000000,104062.000000,93991.000000,0.067459,0.062026,0.056023,0.061836
1785667550285,113224.000000,104059.000000,94276.000000,0.067487,0.062024,0.056193,0.061901
1785667550789,113377.000000,104259.000000,94280.000000,0.067578,0.062143,0.056195,0.061972
1785667551298,113181.000000,103975.000000,93868.000000,0.067461,0.061974,0.055950,0.061795
1785667551802,113104.000000,104081.000000,93964.000000,0.067415,0.062037,0.056007,0.061820
1785667552306,113301.000000,104245.000000,94126.000000,0.067533,0.062135,0.056103,0.061924
1785667552810,113324.000000,104178.000000,94096.000000,0.067546,0.062095,0.056086,0.061909
1785667553319,113063.000000,103984.000000,93959.000000,0.067391,0.061979,0.056004,0.061791
1785667553823,113216.000000,104254.000000,94075.000000,0.067482,0.062140,0.056073,0.061898
1785667554327,113258.000000,104208.000000,94077.000000,0.067507,0.062113,0.056074,0.061898
1785667554831,113121.000000,104028.000000,93876.000000,0.067425,0.062006,0.055954,0.061795
1785667555340,113178.000000,104130.000000,94110.000000,0.067459,0.062066,0.056094,0.061873
1785667555844,113296.000000,104258.000000,94106.000000,0.067530,0.062143,0.056092,0.061921
1785667556348,113035.000000,104216.000000,93783.000000,0.067374,0.062118,0.055899,0.061797
1785667556852,112915.000000,103974.000000,93756.000000,0.067303,0.061973,0.055883,0.061720
1785667557361,113166.000000,104204.000000,94093.000000,0.067452,0.062110,0.056084,0.061882
1785667557865,113139.000000,104107.000000,93920.000000,0.067436,0.062053,0.055981,0.061823
1785667558369,112881.000000,103921.000000,93770.000000,0.067282,0.061942,0.055891,0.061705
1785667558873,112950.000000,104128.000000,94082.000000,0.067323,0.062065,0.056077,0.061822
1785667559382,113027.000000,104093.000000,94008.000000,0.067369,0.062044,0.056033,0.061816
1785667559886,112916.000000,103853.000000,93806.000000,0.067303,0.061901,0.055913,0.061706
1785667560390,112872.000000,104029.000000,93999.000000,0.067277,0.062006,0.056028,0.061770
1785667560894,113019.000000,104233.000000,94096.000000,0.067365,0.062128,0.056086,0.061859
1785667561403,112842.000000,103866.000000,93796.000000,0.067259,0.061909,0.055907,0.061692
1785667561907,112816.000000,104026.000000,93928.000000,0.067244,0.062004,0.055985,0.061744
1785667562411,113020.000000,104179.000000,94098.000000,0.067365,0.062096,0.056087,0.061849
1785667562915,112986.000000,104175.000000,94054.000000,0.067345,0.062093,0.056061,0.061833
1785667563424,112725.000000,103910.000000,94316.000000,0.067189,0.061935,0.056217,0.061780
1785667563928,113018.000000,104135.000000,94063.000000,0.067364,0.062069,0.056066,0.061833
1785667564432,113119.000000,104129.000000,93883.000000,0.067424,0.062066,0.055959,0.061816
1785667564936,112868.000000,103935.000000,93816.000000,0.067275,0.061950,0.055919,0.061714
1785667565445,112930.000000,104158.000000,94104.000000,0.067312,0.062083,0.056090,0.061828
1785667565949,112966.000000,104126.000000,93983.000000,0.067333,0.062064,0.056018,0.061805
1785667566453,113237.000000,103846.000000,93630.000000,0.067495,0.061897,0.055808,0.061733
1785667566957,112730.000000,103887.000000,93887.000000,0.067192,0.061921,0.055961,0.061692
1785667567466,113020.000000,104020.000000,95095.000000,0.067365,0.062001,0.056681,0.062016
1785667567970,112872.000000,103767.000000,94109.000000,0.067277,0.061850,0.056093,0.061740
1785667568474,112765.000000,103776.000000,94013.000000,0.067213,0.061855,0.056036,0.061702
1785667568978,115811.000000,106881.000000,100450.000000,0.069029,0.063706,0.059873,0.064203
1785667569487,114654.000000,103979.000000,93417.000000,0.068339,0.061976,0.055681,0.061999
1785667569991,114664.000000,103952.000000,95344.000000,0.068345,0.061960,0.056829,0.062378
1785667570495,113673.000000,104142.000000,94512.000000,0.067754,0.062073,0.056334,0.062054
1785667570999,113534.000000,104068.000000,94292.000000,0.067672,0.062029,0.056202,0.061968
1785667571509,113098.000000,103840.000000,93962.000000,0.067412,0.061893,0.056006,0.061770
1785667572012,113220.000000,104122.000000,93915.000000,0.067484,0.062062,0.055978,0.061841
1785667572517,113254.000000,104080.000000,93816.000000,0.067505,0.062037,0.055919,0.061820
1785667573020,113152.000000,103784.000000,93602.000000,0.067444,0.061860,0.055791,0.061698
1785667573529,113124.000000,104013.000000,93941.000000,0.067427,0.061997,0.055993,0.061806
1785667574034,113170.000000,104023.000000,94060.000000,0.067455,0.062003,0.056064,0.061840
1785667574537,113190.000000,103673.000000,94151.000000,0.067467,0.061794,0.056118,0.061793
1785667575041,112867.000000,103759.000000,94107.000000,0.067274,0.061845,0.056092,0.061737
1785667575550,112949.000000,104049.000000,93870.000000,0.067323,0.062018,0.055951,0.061764
1785667576054,112904.000000,103705.000000,93567.000000,0.067296,0.061813,0.055770,0.061626
1785667576558,112798.000000,103659.000000,93610.000000,0.067233,0.061786,0.055796,0.061605
1785667577062,112912.000000,103969.000000,93765.000000,0.067301,0.061970,0.055888,0.061720
1785667577571,112912.000000,103754.000000,93537.000000,0.067301,0.061842,0.055752,0.061632
1785667578075,112641.000000,103687.000000,93494.000000,0.067139,0.061802,0.055727,0.061556
1785667578579,112773.000000,103966.000000,93712.000000,0.067218,0.061969,0.055857,0.061681
1785667579083,112918.000000,103992.000000,93695.000000,0.067304,0.061984,0.055847,0.061712
1785667579592,112645.000000,103689.000000,93514.000000,0.067142,0.061803,0.055739,0.061561
1785667580096,112819.000000,103938.000000,93709.000000,0.067245,0.061952,0.055855,0.061684
1785667580600,112911.000000,103934.000000,93689.000000,0.067300,0.061949,0.055843,0.061698
1785667581104,112810.000000,103766.000000,93468.000000,0.067240,0.061849,0.055711,0.061600
1785667581613,112757.000000,103966.000000,93746.000000,0.067208,0.061969,0.055877,0.061685
1785667582118,112902.000000,103950.000000,93646.000000,0.067295,0.061959,0.055817,0.061690
1785667582621,112788.000000,103766.000000,93470.000000,0.067227,0.061849,0.055712,0.061596
1785667583125,112655.000000,103572.000000,93489.000000,0.067148,0.061734,0.055724,0.061535
1785667583634,112905.000000,103894.000000,93696.000000,0.067297,0.061926,0.055847,0.061690
1785667584138,112602.000000,103771.000000,93447.000000,0.067116,0.061852,0.055699,0.061556
1785667584642,112542.000000,103622.000000,93430.000000,0.067080,0.061764,0.055689,0.061511
1785667585146,112664.000000,103814.000000,93671.000000,0.067153,0.061878,0.055832,0.061621
1785667585655,112743.000000,103734.000000,93430.000000,0.067200,0.061830,0.055689,0.061573
1785667586159,112488.000000,103605.000000,93327.000000,0.067048,0.061753,0.055627,0.061476
1785667586663,112625.000000,103787.000000,93545.000000,0.067130,0.061862,0.055757,0.061583
1785667587167,112782.000000,103923.000000,93588.000000,0.067223,0.061943,0.055783,0.061650
1785667587676,112553.000000,103535.000000,93286.000000,0.067087,0.061712,0.055603,0.061467
1785667588180,112543.000000,103758.000000,93659.000000,0.067081,0.061845,0.055825,0.061584
1785667588684,112751.000000,103933.000000,93566.000000,0.067205,0.061949,0.055770,0.061641
1785667589188,112679.000000,103726.000000,93455.000000,0.067162,0.061826,0.055704,0.061564
1785667589697,112659.000000,103775.000000,93576.000000,0.067150,0.061855,0.055776,0.061593
1785667590201,112794.000000,103865.000000,93644.000000,0.067230,0.061908,0.055816,0.061652
1785667590705,112641.000000,103721.000000,93401.000000,0.067139,0.061823,0.055671,0.061544
1785667591209,112547.000000,103507.000000,93285.000000,0.067083,0.061695,0.055602,0.061460
1785667591718,112705.000000,103901.000000,93583.000000,0.067177,0.061930,0.055780,0.061629
1785667592222,112616.000000,103787.000000,93419.000000,0.067124,0.061862,0.055682,0.061556
1785667592726,112441.000000,103534.000000,93242.000000,0.067020,0.061711,0.055577,0.061436
1785667593230,112480.000000,103777.000000,93480.000000,0.067043,0.061856,0.055718,0.061539
1785667593739,112624.000000,103783.000000,93368.000000,0.067129,0.061859,0.055652,0.061547
1785667594243,112443.000000,103581.000000,93211.000000,0.067021,0.061739,0.055558,0.061439
1785667594747,112441.000000,103755.000000,93411.000000,0.067020,0.061843,0.055677,0.061513
1785667595251,112570.000000,103906.000000,93557.000000,0.067097,0.061933,0.055764,0.061598
1785667595760,112573.000000,103545.000000,93065.000000,0.067099,0.061718,0.055471,0.061429
1785667596264,112371.000000,103774.000000,93251.000000,0.066978,0.061854,0.055582,0.061471
1785667596768,112624.000000,103914.000000,93385.000000,0.067129,0.061938,0.055662,0.061576
1785667597272,112534.000000,103785.000000,93224.000000,0.067075,0.061861,0.055566,0.061501
1785667597781,112325.000000,103739.000000,93242.000000,0.066951,0.061833,0.055577,0.061454
1785667598285,112502.000000,103954.000000,93380.000000,0.067056,0.061961,0.055659,0.061559
1785667598789,112586.000000,103729.000000,93367.000000,0.067106,0.061827,0.055651,0.061528
1785667599293,112497.000000,103515.000000,93026.000000,0.067053,0.061700,0.055448,0.061400
1785667599802,112646.000000,103775.000000,93818.000000,0.067142,0.061855,0.055920,0.061639
1785667600306,112566.000000,103740.000000,93381.000000,0.067095,0.061834,0.055659,0.061529
1785667600810,112368.000000,103537.000000,93127.000000,0.066977,0.061713,0.055508,0.061399
1785667601314,112320.000000,103677.000000,93246.000000,0.066948,0.061796,0.055579,0.061441
1785667601823,112517.000000,103768.000000,93320.000000,0.067065,0.061851,0.055623,0.061513
1785667602327,112392.000000,103510.000000,93075.000000,0.066991,0.061697,0.055477,0.061388
1785667602831,112319.000000,103656.000000,93162.000000,0.066947,0.061784,0.055529,0.061420
1785667603335,112462.000000,103828.000000,93293.000000,0.067033,0.061886,0.055607,0.061509
1785667603844,112292.000000,103558.000000,93003.000000,0.066931,0.061725,0.055434,0.061364
1785667604348,112255.000000,103623.000000,93185.000000,0.066909,0.061764,0.055543,0.061405
1785667604852,112487.000000,103797.000000,93456.000000,0.067047,0.061868,0.055704,0.061540
1785667605356,112480.000000,103809.000000,93317.000000,0.067043,0.061875,0.055621,0.061513
1785667605865,112208.000000,103594.000000,93209.000000,0.066881,0.061747,0.055557,0.061395
1785667606369,112339.000000,103805.000000,93341.000000,0.066959,0.061873,0.055636,0.061489
1785667606873,112380.000000,103809.000000,93177.000000,0.066984,0.061875,0.055538,0.061466
1785667607377,112719.000000,103531.000000,93131.000000,0.067186,0.061709,0.055510,0.061468
