timestamp,voltage,Channel 2,Channel 3,Channel 4,Channel 5,Channel 6,Channel 7
1785671151173,4203511.000000,545942.000000,4203420.000000,2.505488,0.325407,2.505434,1.778776
1785671151677,4203439.000000,546244.000000,4203416.000000,2.505445,0.325587,2.505431,1.778821
1785671152181,4203461.000000,546214.000000,4203538.000000,2.505458,0.325569,2.505504,1.778844
1785671152690,4203395.000000,546290.000000,4203383.000000,2.505419,0.325614,2.505412,1.778815
1785671153194,4203410.000000,545108.000000,4203439.000000,2.505428,0.324910,2.505445,1.778594
1785671153698,4203507.000000,545749.000000,4203430.000000,2.505486,0.325292,2.505440,1.778739
1785671154202,4203462.000000,547222.000000,4203369.000000,2.505459,0.326170,2.505403,1.779011
1785671154711,4203395.000000,545023.000000,4203458.000000,2.505419,0.324859,2.505456,1.778578
1785671155215,4203377.000000,550172.000000,4203433.000000,2.505408,0.327928,2.505441,1.779593
1785671155719,4203495.000000,547644.000000,4203390.000000,2.505478,0.326421,2.505416,1.779105
1785671156223,4203464.000000,546349.000000,4203452.000000,2.505460,0.325649,2.505453,1.778854
1785671156732,4203428.000000,545311.000000,4203413.000000,2.505439,0.325031,2.505430,1.778633
1785671157236,4203519.000000,546212.000000,4203462.000000,2.505493,0.325568,2.505459,1.778840
1785671157740,4203396.000000,545400.000000,4203346.000000,2.505419,0.325084,2.505390,1.778631
1785671158244,4203423.000000,544569.000000,4203362.000000,2.505435,0.324588,2.505399,1.778474
1785671158753,4203527.000000,546041.000000,4203457.000000,2.505497,0.325466,2.505456,1.778806
1785671159257,4203301.000000,546441.000000,4203292.000000,2.505363,0.325704,2.505358,1.778808
1785671159761,4203335.000000,545845.000000,4203303.000000,2.505383,0.325349,2.505364,1.778699
1785671160265,4203317.000000,545484.000000,4203394.000000,2.505372,0.325134,2.505418,1.778641
1785671160774,4203346.000000,545763.000000,4203366.000000,2.505390,0.325300,2.505402,1.778697
1785671161278,4203299.000000,545081.000000,4203273.000000,2.505362,0.324894,2.505346,1.778534
1785671161782,4203278.000000,543925.000000,4203311.000000,2.505349,0.324205,2.505369,1.778308
1785671162286,4203396.000000,544188.000000,4203358.000000,2.505419,0.324361,2.505397,1.778392
1785671162795,4203336.000000,545146.000000,4203342.000000,2.505384,0.324932,2.505387,1.778568
1785671163299,4203282.000000,543880.000000,4203226.000000,2.505352,0.324178,2.505318,1.778283
1785671163803,4203441.000000,543696.000000,4203409.000000,2.505446,0.324068,2.505427,1.778314
1785671164307,4203387.000000,544887.000000,4203455.000000,2.505414,0.324778,2.505455,1.778549
1785671164816,4203398.000000,544451.000000,4203326.000000,2.505421,0.324518,2.505378,1.778439
1785671165320,4203401.000000,543456.000000,4203389.000000,2.505422,0.323925,2.505415,1.778254
1785671165824,4203384.000000,544476.000000,4203440.000000,2.505412,0.324533,2.505446,1.778464
1785671166328,4203391.000000,545252.000000,4203353.000000,2.505416,0.324996,2.505394,1.778602
1785671166837,4203384.000000,543335.000000,4203516.000000,2.505412,0.323853,2.505491,1.778252
1785671167341,4203376.000000,544099.000000,4203358.000000,2.505408,0.324308,2.505397,1.778371
1785671167845,4203394.000000,545055.000000,4203425.000000,2.505418,0.324878,2.505437,1.778578
1785671168349,4203486.000000,544815.000000,4203353.000000,2.505473,0.324735,2.505394,1.778534
1785671168858,4203371.000000,543603.000000,4203389.000000,2.505404,0.324013,2.505415,1.778277
1785671169362,4203374.000000,544615.000000,4203406.000000,2.505406,0.324616,2.505425,1.778483
1785671169866,4203392.000000,544321.000000,4203416.000000,2.505417,0.324441,2.505431,1.778430
1785671170370,4203399.000000,543241.000000,4203396.000000,2.505421,0.323797,2.505419,1.778213
1785671170879,4203499.000000,543957.000000,4203498.000000,2.505481,0.324224,2.505480,1.778395
1785671171383,4203448.000000,544203.000000,4203303.000000,2.505450,0.324370,2.505364,1.778395
1785671171887,4203304.000000,543077.000000,4203247.000000,2.505365,0.323699,2.505331,1.778131
1785671172391,4203212.000000,542448.000000,4203378.000000,2.505310,0.323324,2.505409,1.778014
1785671172900,4203368.000000,544151.000000,4203363.000000,2.505403,0.324339,2.505400,1.778381
1785671173404,4203377.000000,543366.000000,4203318.000000,2.505408,0.323871,2.505373,1.778217
1785671173908,4203383.000000,542329.000000,4203424.000000,2.505412,0.323253,2.505436,1.778034
1785671174412,4203353.000000,542901.000000,4203371.000000,2.505394,0.323594,2.505404,1.778131
1785671174921,4203204.000000,543433.000000,4203313.000000,2.505305,0.323911,2.505370,1.778195
1785671175425,4203497.000000,542264.000000,4203438.000000,2.505480,0.323215,2.505445,1.778046
1785671175929,4203344.000000,542256.000000,4203402.000000,2.505388,0.323210,2.505423,1.778007
1785671176433,4203320.000000,543308.000000,4203425.000000,2.505374,0.323837,2.505437,1.778216
1785671176942,4203293.000000,542526.000000,4203329.000000,2.505358,0.323371,2.505379,1.778036
1785671177446,4203334.000000,541941.000000,4203440.000000,2.505383,0.323022,2.505446,1.777950
1785671177950,4203422.000000,542844.000000,4203510.000000,2.505435,0.323560,2.505487,1.778161
1785671178454,4203400.000000,543424.000000,4203350.000000,2.505422,0.323906,2.505392,1.778240
1785671178963,4203406.000000,541542.000000,4203525.000000,2.505425,0.322784,2.505496,1.777902
1785671179467,4203381.000000,542302.000000,4203491.000000,2.505410,0.323237,2.505476,1.778041
1785671179971,4203309.000000,543365.000000,4203287.000000,2.505368,0.323871,2.505354,1.778198
1785671180475,4203353.000000,543112.000000,4203417.000000,2.505394,0.323720,2.505432,1.778182
1785671180984,4203364.000000,542046.000000,4203359.000000,2.505400,0.323085,2.505397,1.777961
1785671181488,4203442.000000,543116.000000,4203412.000000,2.505447,0.323722,2.505429,1.778200
1785671181992,4203375.000000,543019.000000,4203358.000000,2.505407,0.323665,2.505397,1.778156
1785671182496,4203430.000000,541965.000000,4203344.000000,2.505440,0.323036,2.505388,1.777955
1785671183005,4203375.000000,542666.000000,4203386.000000,2.505407,0.323454,2.505414,1.778091
1785671183509,4203312.000000,543198.000000,4203363.000000,2.505369,0.323771,2.505400,1.778180
1785671184013,4203356.000000,542228.000000,4203237.000000,2.505396,0.323193,2.505325,1.777971
1785671184517,4203424.000000,541213.000000,4203324.000000,2.505436,0.322588,2.505377,1.777800
1785671185026,4203386.000000,542917.000000,4203332.000000,2.505414,0.323604,2.505381,1.778133
1785671185530,4203394.000000,542338.000000,4203423.000000,2.505418,0.323259,2.505435,1.778037
1785671186034,4203255.000000,541132.000000,4203363.000000,2.505335,0.322540,2.505400,1.777758
1785671186538,4203389.000000,541313.000000,4203416.000000,2.505415,0.322648,2.505431,1.777831
1785671187047,4203447.000000,542096.000000,4203454.000000,2.505450,0.323114,2.505454,1.778006
1785671187551,4203254.000000,541094.000000,4203352.000000,2.505335,0.322517,2.505393,1.777748
1785671188055,4203249.000000,540763.000000,4203338.000000,2.505332,0.322320,2.505385,1.777679
1785671188559,4203401.000000,541891.000000,4203385.000000,2.505422,0.322992,2.505413,1.777943
1785671189068,4203353.000000,541392.000000,4203336.000000,2.505394,0.322695,2.505384,1.777824
1785671189572,4203408.000000,540486.000000,4203471.000000,2.505427,0.322155,2.505464,1.777682
1785671190076,4203389.000000,541221.000000,4203437.000000,2.505415,0.322593,2.505444,1.777817
1785671190580,4203344.000000,542013.000000,4203249.000000,2.505388,0.323065,2.505332,1.777928
1785671191089,4203436.000000,540366.000000,4203399.000000,2.505443,0.322083,2.505421,1.777649
1785671191593,4203236.000000,540737.000000,4203344.000000,2.505324,0.322304,2.505388,1.777672
1785671192097,4203459.000000,541780.000000,4203415.000000,2.505457,0.322926,2.505431,1.777938
1785671192601,4203373.000000,541752.000000,4203311.000000,2.505406,0.322909,2.505369,1.777895
1785671193110,4203438.000000,540141.000000,4203436.000000,2.505445,0.321949,2.505443,1.777612
1785671193614,4203468.000000,541674.000000,4203381.000000,2.505462,0.322863,2.505410,1.777912
1785671194118,4203417.000000,541806.000000,4203293.000000,2.505432,0.322942,2.505358,1.777911
1785671194622,4203415.000000,541183.000000,4203317.000000,2.505431,0.322570,2.505372,1.777791
1785671195131,4203398.000000,540820.000000,4203353.000000,2.505421,0.322354,2.505394,1.777723
1785671195635,4203383.000000,541594.000000,4203338.000000,2.505412,0.322815,2.505385,1.777871
1785671196139,4203273.000000,542235.000000,4203309.000000,2.505346,0.323197,2.505368,1.777970
1785671196643,4203372.000000,540417.000000,4203321.000000,2.505405,0.322114,2.505375,1.777631
1785671197152,4203225.000000,542137.000000,4203238.000000,2.505317,0.323139,2.505325,1.777927
1785671197656,4203351.000000,541994.000000,4203357.000000,2.505393,0.323054,2.505396,1.777947
1785671198160,4203266.000000,541712.000000,4203344.000000,2.505342,0.322886,2.505388,1.777872
1785671198664,4203328.000000,539984.000000,4203397.000000,2.505379,0.321856,2.505420,1.777552
1785671199173,4203366.000000,541662.000000,4203345.000000,2.505402,0.322856,2.505389,1.777882
1785671199677,4203344.000000,541085.000000,4203355.000000,2.505388,0.322512,2.505395,1.777765
1785671200181,4203372.000000,539665.000000,4203459.000000,2.505405,0.321665,2.505457,1.777509
1785671200685,4203408.000000,540448.000000,4203440.000000,2.505427,0.322132,2.505446,1.777668
1785671201194,4203463.000000,541167.000000,4203447.000000,2.505459,0.322561,2.505450,1.777823
1785671201698,4203300.000000,540003.000000,4203345.000000,2.505362,0.321867,2.505389,1.777539
1785671202202,4203362.000000,540119.000000,4203488.000000,2.505399,0.321936,2.505474,1.777603
1785671202706,4203505.000000,541316.000000,4203498.000000,2.505484,0.322650,2.505480,1.777871
1785671203215,4203435.000000,540273.000000,4203404.000000,2.505443,0.322028,2.505424,1.777632
1785671203719,4203364.000000,539511.000000,4203277.000000,2.505400,0.321574,2.505348,1.777441
1785671204223,4203386.000000,540492.000000,4203452.000000,2.505414,0.322158,2.505453,1.777675
1785671204727,4203389.000000,541163.000000,4203329.000000,2.505415,0.322558,2.505379,1.777784
1785671205236,4203405.000000,539450.000000,4203430.000000,2.505425,0.321537,2.505440,1.777467
1785671205740,4203450.000000,540216.000000,4203438.000000,2.505452,0.321994,2.505445,1.777630
1785671206244,4203461.000000,541356.000000,4203399.000000,2.505458,0.322673,2.505421,1.777851
1785671206748,4203244.000000,540661.000000,4203380.000000,2.505329,0.322259,2.505410,1.777666
1785671207257,4203359.000000,539718.000000,4203360.000000,2.505397,0.321697,2.505398,1.777497
1785671207761,4203366.000000,540791.000000,4203327.000000,2.505402,0.322337,2.505378,1.777706
1785671208265,4203344.000000,541002.000000,4203291.000000,2.505388,0.322462,2.505357,1.777736
1785671208769,4203205.000000,539558.000000,4203249.000000,2.505306,0.321602,2.505332,1.777413
1785671209278,4203330.000000,540668.000000,4203317.000000,2.505380,0.322263,2.505372,1.777672
1785671209782,4203323.000000,540828.000000,4203334.000000,2.505376,0.322359,2.505383,1.777706
1785671210286,4203344.000000,540019.000000,4203301.000000,2.505388,0.321876,2.505363,1.777543
1785671210790,4203335.000000,537816.000000,4203294.000000,2.505383,0.320563,2.505359,1.777102
1785671211299,4203401.000000,540668.000000,4203263.000000,2.505422,0.322263,2.505340,1.777675
1785671211803,4203275.000000,540175.000000,4203347.000000,2.505347,0.321969,2.505390,1.777569
1785671212307,4203333.000000,538370.000000,4203286.000000,2.505382,0.320894,2.505354,1.777210
1785671212811,4203368.000000,539940.000000,4203284.000000,2.505403,0.321829,2.505353,1.777528
1785671213320,4203219.000000,540382.000000,4203226.000000,2.505314,0.322093,2.505318,1.777575
1785671213824,4203248.000000,539084.000000,4203308.000000,2.505331,0.321319,2.505367,1.777339
1785671214328,4203306.000000,538348.000000,4203261.000000,2.505366,0.320880,2.505339,1.777195
1785671214832,4203250.000000,540633.000000,4203256.000000,2.505332,0.322242,2.505336,1.777637
1785671215341,4203233.000000,541130.000000,4203241.000000,2.505322,0.322539,2.505327,1.777729
1785671215845,4203237.000000,539480.000000,4203243.000000,2.505325,0.321555,2.505328,1.777403
1785671216349,4203205.000000,538929.000000,4203254.000000,2.505306,0.321227,2.505335,1.777289
