timestamp,voltage,Channel 2,Channel 3,Channel 4,Channel 5,Channel 6,Channel 7
1785664881571,1163730.000000,367486.000000,562412.000000,0.693637,0.219039,0.335224,0.415967
1785664882075,1157335.000000,364846.000000,561314.000000,0.689825,0.217465,0.334569,0.413953
1785664882579,1157574.000000,365009.000000,560235.000000,0.689968,0.217562,0.333926,0.413819
1785664883082,1231694.000000,364458.000000,560708.000000,0.734147,0.217234,0.334208,0.428530
1785664883591,1164697.000000,364117.000000,563943.000000,0.694214,0.217031,0.336136,0.415794
1785664884095,1162277.000000,365786.000000,561967.000000,0.692771,0.218025,0.334958,0.415252
1785664884599,1161402.000000,364744.000000,561010.000000,0.692250,0.217404,0.334388,0.414681
1785664885104,1156244.000000,364324.000000,558888.000000,0.689175,0.217154,0.333123,0.413151
1785664885613,1158683.000000,365031.000000,560760.000000,0.690629,0.217575,0.334239,0.414148
1785664886116,1156271.000000,364283.000000,559592.000000,0.689191,0.217130,0.333543,0.413288
1785664886621,1158026.000000,364169.000000,559513.000000,0.690237,0.217062,0.333496,0.413598
1785664887125,1157849.000000,365068.000000,559268.000000,0.690132,0.217597,0.333350,0.413693
1785664887634,1158272.000000,364628.000000,561969.000000,0.690384,0.217335,0.334960,0.414226
1785664888138,1152169.000000,365006.000000,559055.000000,0.686746,0.217561,0.333223,0.412510
1785664888641,1156168.000000,364486.000000,558265.000000,0.689130,0.217251,0.332752,0.413044
1785664889145,1154150.000000,363716.000000,557337.000000,0.687927,0.216792,0.332199,0.412306
1785664889654,1155308.000000,364887.000000,558408.000000,0.688617,0.217490,0.332837,0.412981
1785664890158,1151478.000000,363927.000000,558647.000000,0.686334,0.216917,0.332980,0.412077
1785664890662,1154225.000000,363875.000000,555506.000000,0.687972,0.216886,0.331107,0.411989
1785664891166,1154372.000000,364731.000000,556788.000000,0.688059,0.217397,0.331872,0.412443
1785664891675,1153505.000000,363673.000000,554922.000000,0.687543,0.216766,0.330759,0.411689
1785664892179,1154731.000000,364438.000000,556166.000000,0.688273,0.217222,0.331501,0.412332
1785664892683,1154164.000000,364874.000000,555593.000000,0.687935,0.217482,0.331159,0.412192
1785664893187,1155810.000000,363821.000000,554621.000000,0.688917,0.216854,0.330580,0.412117
1785664893696,1156951.000000,364798.000000,555838.000000,0.689597,0.217437,0.331305,0.412779
1785664894200,1156341.000000,364297.000000,554933.000000,0.689233,0.217138,0.330766,0.412379
1785664894704,1154696.000000,363665.000000,553982.000000,0.688253,0.216761,0.330199,0.411738
1785664895208,1156540.000000,364599.000000,554973.000000,0.689352,0.217318,0.330790,0.412486
1785664895717,1156623.000000,363809.000000,553635.000000,0.689401,0.216847,0.329992,0.412080
1785664896221,1154221.000000,364032.000000,554351.000000,0.687969,0.216980,0.330419,0.411789
1785664896725,1154703.000000,364768.000000,555179.000000,0.688257,0.217419,0.330913,0.412196
1785664897229,1155335.000000,364210.000000,553625.000000,0.688633,0.217086,0.329986,0.411902
1785664897738,1155745.000000,364241.000000,554556.000000,0.688878,0.217105,0.330541,0.412174
1785664898242,1154381.000000,364596.000000,556307.000000,0.688065,0.217316,0.331585,0.412322
1785664898746,1157384.000000,363146.000000,555555.000000,0.689855,0.216452,0.331137,0.412481
1785664899250,1153385.000000,363994.000000,553405.000000,0.687471,0.216957,0.329855,0.411428
1785664899759,1154161.000000,364126.000000,553183.000000,0.687934,0.217036,0.329723,0.411564
1785664900263,1151226.000000,363526.000000,552718.000000,0.686184,0.216678,0.329446,0.410769
1785664900767,1153174.000000,364543.000000,553941.000000,0.687345,0.217285,0.330175,0.411602
1785664901271,1154614.000000,364378.000000,553685.000000,0.688204,0.217186,0.330022,0.411804
1785664901780,1152870.000000,363864.000000,553252.000000,0.687164,0.216880,0.329764,0.411269
1785664902284,1154075.000000,364049.000000,554147.000000,0.687882,0.216990,0.330297,0.411723
1785664902788,1154291.000000,363343.000000,553267.000000,0.688011,0.216569,0.329773,0.411451
1785664903292,1151502.000000,363397.000000,552673.000000,0.686349,0.216602,0.329419,0.410790
1785664903801,1153219.000000,364335.000000,553671.000000,0.687372,0.217161,0.330014,0.411515
1785664904305,1154547.000000,362957.000000,552319.000000,0.688164,0.216339,0.329208,0.411237
1785664904809,1153727.000000,363632.000000,551902.000000,0.687675,0.216742,0.328959,0.411125
1785664905313,1153498.000000,364579.000000,553155.000000,0.687538,0.217306,0.329706,0.411517
1785664905822,1150663.000000,363190.000000,552139.000000,0.685849,0.216478,0.329101,0.410476
1785664906326,1151090.000000,363957.000000,553455.000000,0.686103,0.216935,0.329885,0.410974
1785664906830,1151619.000000,364283.000000,552586.000000,0.686418,0.217130,0.329367,0.410972
1785664907334,1151859.000000,363070.000000,550980.000000,0.686562,0.216407,0.328410,0.410459
1785664907843,1153491.000000,364143.000000,552795.000000,0.687534,0.217046,0.329492,0.411357
1785664908347,1153342.000000,363397.000000,551411.000000,0.687445,0.216602,0.328667,0.410905
1785664908851,1151852.000000,363015.000000,551195.000000,0.686557,0.216374,0.328538,0.410490
1785664909355,1152313.000000,363881.000000,552501.000000,0.686832,0.216890,0.329316,0.411013
1785664909864,1151870.000000,362809.000000,551072.000000,0.686568,0.216251,0.328465,0.410428
1785664910368,1151505.000000,363220.000000,551810.000000,0.686351,0.216496,0.328904,0.410584
1785664910872,1151915.000000,364360.000000,552214.000000,0.686595,0.217175,0.329145,0.410972
1785664911376,1151792.000000,363268.000000,551230.000000,0.686522,0.216525,0.328559,0.410535
1785664911885,1151207.000000,363721.000000,552096.000000,0.686173,0.216795,0.329075,0.410681
1785664912389,1151031.000000,363722.000000,551879.000000,0.686068,0.216795,0.328946,0.410603
1785664912893,1151495.000000,362866.000000,550573.000000,0.686345,0.216285,0.328167,0.410266
1785664913397,1150638.000000,363313.000000,551294.000000,0.685834,0.216551,0.328597,0.410327
1785664913906,1152354.000000,363259.000000,551066.000000,0.686857,0.216519,0.328461,0.410612
1785664914410,1151086.000000,362685.000000,550590.000000,0.686101,0.216177,0.328177,0.410152
1785664914914,1153243.000000,363507.000000,551941.000000,0.687386,0.216667,0.328983,0.411012
1785664915418,1154067.000000,363421.000000,551684.000000,0.687878,0.216616,0.328829,0.411108
1785664915927,1150540.000000,362779.000000,551611.000000,0.685775,0.216233,0.328786,0.410265
1785664916431,1154963.000000,363861.000000,552206.000000,0.688412,0.216878,0.329140,0.411477
1785664916935,1152613.000000,363275.000000,551047.000000,0.687011,0.216529,0.328450,0.410663
1785664917439,1150076.000000,362546.000000,550728.000000,0.685499,0.216094,0.328259,0.409951
1785664917948,1153202.000000,363289.000000,551804.000000,0.687362,0.216537,0.328901,0.410933
1785664918452,1152495.000000,362418.000000,550397.000000,0.686941,0.216018,0.328062,0.410340
1785664918956,1153359.000000,362695.000000,551124.000000,0.687456,0.216183,0.328496,0.410711
1785664919460,1153945.000000,363385.000000,551813.000000,0.687805,0.216594,0.328906,0.411102
1785664919969,1150109.000000,362263.000000,550380.000000,0.685518,0.215926,0.328052,0.409832
1785664920473,1151748.000000,363217.000000,551330.000000,0.686495,0.216494,0.328618,0.410536
1785664920977,1153639.000000,363130.000000,551328.000000,0.687622,0.216442,0.328617,0.410894
1785664921481,1151849.000000,362270.000000,549910.000000,0.686556,0.215930,0.327772,0.410086
1785664921990,1153926.000000,363279.000000,551538.000000,0.687794,0.216531,0.328742,0.411022
1785664922494,1151994.000000,362797.000000,550464.000000,0.686642,0.216244,0.328102,0.410329
1785664922998,1149635.000000,362153.000000,550014.000000,0.685236,0.215860,0.327834,0.409643
1785664923502,1151774.000000,363092.000000,552873.000000,0.686511,0.216420,0.329538,0.410823
1785664924011,1153279.000000,362125.000000,550362.000000,0.687408,0.215843,0.328041,0.410431
1785664924515,1151448.000000,362363.000000,551564.000000,0.686317,0.215985,0.328758,0.410353
1785664925019,1154096.000000,363122.000000,551962.000000,0.687895,0.216438,0.328995,0.411109
1785664925523,1155280.000000,362478.000000,551541.000000,0.688601,0.216054,0.328744,0.411133
1785664926032,1151730.000000,362827.000000,551991.000000,0.686485,0.216262,0.329012,0.410586
1785664926536,1154135.000000,362935.000000,551978.000000,0.687918,0.216326,0.329005,0.411083
1785664927040,1152693.000000,362076.000000,550401.000000,0.687059,0.215814,0.328065,0.410312
1785664927544,1151675.000000,362382.000000,550871.000000,0.686452,0.215997,0.328345,0.410264
1785664928053,1154851.000000,362550.000000,550674.000000,0.688345,0.216097,0.328227,0.410890
1785664928557,1152386.000000,361895.000000,549947.000000,0.686876,0.215706,0.327794,0.410125
1785664929061,1153000.000000,362829.000000,551476.000000,0.687242,0.216263,0.328705,0.410737
1785664929565,1153882.000000,362884.000000,551238.000000,0.687767,0.216296,0.328563,0.410876
1785664930074,1150823.000000,362201.000000,550631.000000,0.685944,0.215889,0.328202,0.410011
1785664930578,1153641.000000,363014.000000,551117.000000,0.687624,0.216373,0.328491,0.410829
1785664931082,1154201.000000,362555.000000,551148.000000,0.687957,0.216100,0.328510,0.410856
1785664931586,1151611.000000,362206.000000,549318.000000,0.686414,0.215892,0.327419,0.409908
1785664932095,1156895.000000,363257.000000,553468.000000,0.689563,0.216518,0.329893,0.411991
1785664932599,1155715.000000,362143.000000,551288.000000,0.688860,0.215854,0.328593,0.411102
1785664933103,1155946.000000,362198.000000,551700.000000,0.688998,0.215887,0.328839,0.411241
1785664933607,1157407.000000,363028.000000,552502.000000,0.689868,0.216382,0.329317,0.411856
1785664934116,1155112.000000,361950.000000,550010.000000,0.688500,0.215739,0.327832,0.410690
1785664934620,1154311.000000,362552.000000,551140.000000,0.688023,0.216098,0.328505,0.410875
1785664935124,1157025.000000,363035.000000,550977.000000,0.689641,0.216386,0.328408,0.411478
1785664935628,1155272.000000,362149.000000,549654.000000,0.688596,0.215858,0.327619,0.410691
1785664936137,1156100.000000,362952.000000,550967.000000,0.689089,0.216336,0.328402,0.411276
1785664936641,1156994.000000,362775.000000,550288.000000,0.689622,0.216231,0.327997,0.411283
1785664937145,1155185.000000,361820.000000,549362.000000,0.688544,0.215662,0.327445,0.410550
1785664937649,1156560.000000,362589.000000,550240.000000,0.689364,0.216120,0.327969,0.411151
1785664938158,1157749.000000,362253.000000,549425.000000,0.690072,0.215920,0.327483,0.411158
1785664938662,1155793.000000,361938.000000,549472.000000,0.688906,0.215732,0.327511,0.410716
1785664939166,1157043.000000,362831.000000,550607.000000,0.689651,0.216264,0.328187,0.411368
1785664939670,1157503.000000,362732.000000,550129.000000,0.689926,0.216205,0.327902,0.411344
1785664940179,1156648.000000,362322.000000,549771.000000,0.689416,0.215961,0.327689,0.411022
1785664940683,1156238.000000,363010.000000,550307.000000,0.689172,0.216371,0.328009,0.411184
1785664941187,1156879.000000,362531.000000,549150.000000,0.689554,0.216085,0.327319,0.410986
1785664941691,1154099.000000,362104.000000,548724.000000,0.687897,0.215831,0.327065,0.410264
1785664942200,1155230.000000,362956.000000,550137.000000,0.688571,0.216339,0.327907,0.410939
1785664942704,1154562.000000,361932.000000,548269.000000,0.688173,0.215728,0.326794,0.410232
1785664943208,1150912.000000,362283.000000,548677.000000,0.685997,0.215938,0.327037,0.409657
1785664943712,1156103.000000,363077.000000,549872.000000,0.689091,0.216411,0.327749,0.411084
1785664944221,1153325.000000,361807.000000,548366.000000,0.687435,0.215654,0.326852,0.409980
1785664944725,1155057.000000,362474.000000,549436.000000,0.688468,0.216051,0.327489,0.410669
1785664945229,1155920.000000,362820.000000,549999.000000,0.688982,0.216258,0.327825,0.411022
1785664945733,1154864.000000,362092.000000,548618.000000,0.688353,0.215824,0.327002,0.410393
1785664946242,1154886.000000,363522.000000,551771.000000,0.688366,0.216676,0.328881,0.411308
1785664946746,1157150.000000,362977.000000,550320.000000,0.689715,0.216351,0.328016,0.411361
1785664947250,1154737.000000,362001.000000,549029.000000,0.688277,0.215769,0.327247,0.410431
1785664947754,1155749.000000,362570.000000,549737.000000,0.688880,0.216109,0.327669,0.410886
1785664948263,1156799.000000,362781.000000,549348.000000,0.689506,0.216234,0.327437,0.411059
1785664948767,1154232.000000,361870.000000,548731.000000,0.687976,0.215691,0.327069,0.410246
1785664949271,1156957.000000,362664.000000,549561.000000,0.689600,0.216165,0.327564,0.411110
1785664949775,1159678.000000,363772.000000,555785.000000,0.691222,0.216825,0.331274,0.413107
